// Vitest Snapshot v1, https://vitest.dev/guide/snapshot.html

exports[`AuthForm Component > should match the snapshot 1`] = `
"<provet-card>
  <div class="n-padding-l">
    <provet-stack>
      <provet-input data-testid="username" hide-required=""></provet-input>
      <provet-input data-testid="password" hide-required="">
        <provet-button data-testid="reveal-password-button" slot="end" aria-describedby="password-tooltip">
          <provet-icon></provet-icon>
        </provet-button>
      </provet-input>
      <provet-button data-testid="submit-button"><span>Log in</span></provet-button>
      <!--v-if-->
    </provet-stack>
  </div>
</provet-card>
<div data-testid="footer" class="n-align-center n-color-text-weaker">Test Footer Content</div>"
`;
